Archive member included to satisfy reference by file (symbol)

/Users/bigomc/atmel-arm-none-eabi/bin/../lib/gcc/arm-none-eabi/5.3.1/armv6-m/libgcc.a(_udivsi3.o)
                              ./Build/sam0/drivers/system/clock/clock_samc20_c21/clock.o (__aeabi_uidiv)
/Users/bigomc/atmel-arm-none-eabi/bin/../lib/gcc/arm-none-eabi/5.3.1/armv6-m/libgcc.a(_dvmd_tls.o)
                              /Users/bigomc/atmel-arm-none-eabi/bin/../lib/gcc/arm-none-eabi/5.3.1/armv6-m/libgcc.a(_udivsi3.o) (__aeabi_idiv0)
/Users/bigomc/atmel-arm-none-eabi/bin/../lib/gcc/arm-none-eabi/5.3.1/../../../../arm-none-eabi/lib/armv6-m/libc_nano.a(lib_a-exit.o)
                              /Users/bigomc/atmel-arm-none-eabi/bin/../lib/gcc/arm-none-eabi/5.3.1/../../../../arm-none-eabi/lib/armv6-m/crt0.o (exit)
/Users/bigomc/atmel-arm-none-eabi/bin/../lib/gcc/arm-none-eabi/5.3.1/../../../../arm-none-eabi/lib/armv6-m/libc_nano.a(lib_a-impure.o)
                              /Users/bigomc/atmel-arm-none-eabi/bin/../lib/gcc/arm-none-eabi/5.3.1/../../../../arm-none-eabi/lib/armv6-m/libc_nano.a(lib_a-exit.o) (_global_impure_ptr)
/Users/bigomc/atmel-arm-none-eabi/bin/../lib/gcc/arm-none-eabi/5.3.1/../../../../arm-none-eabi/lib/armv6-m/libc_nano.a(lib_a-init.o)
                              /Users/bigomc/atmel-arm-none-eabi/bin/../lib/gcc/arm-none-eabi/5.3.1/../../../../arm-none-eabi/lib/armv6-m/crt0.o (__libc_init_array)
/Users/bigomc/atmel-arm-none-eabi/bin/../lib/gcc/arm-none-eabi/5.3.1/../../../../arm-none-eabi/lib/armv6-m/libc_nano.a(lib_a-memset.o)
                              /Users/bigomc/atmel-arm-none-eabi/bin/../lib/gcc/arm-none-eabi/5.3.1/../../../../arm-none-eabi/lib/armv6-m/crt0.o (memset)

Discarded input sections

 .text          0x0000000000000000        0x0 /Users/bigomc/atmel-arm-none-eabi/bin/../lib/gcc/arm-none-eabi/5.3.1/armv6-m/crti.o
 .data          0x0000000000000000        0x0 /Users/bigomc/atmel-arm-none-eabi/bin/../lib/gcc/arm-none-eabi/5.3.1/armv6-m/crti.o
 .bss           0x0000000000000000        0x0 /Users/bigomc/atmel-arm-none-eabi/bin/../lib/gcc/arm-none-eabi/5.3.1/armv6-m/crti.o
 .data          0x0000000000000000        0x4 /Users/bigomc/atmel-arm-none-eabi/bin/../lib/gcc/arm-none-eabi/5.3.1/armv6-m/crtbegin.o
 .text          0x0000000000000000       0x78 /Users/bigomc/atmel-arm-none-eabi/bin/../lib/gcc/arm-none-eabi/5.3.1/../../../../arm-none-eabi/lib/armv6-m/crt0.o
 .data          0x0000000000000000        0x0 /Users/bigomc/atmel-arm-none-eabi/bin/../lib/gcc/arm-none-eabi/5.3.1/../../../../arm-none-eabi/lib/armv6-m/crt0.o
 .bss           0x0000000000000000        0x0 /Users/bigomc/atmel-arm-none-eabi/bin/../lib/gcc/arm-none-eabi/5.3.1/../../../../arm-none-eabi/lib/armv6-m/crt0.o
 .ARM.extab     0x0000000000000000        0x0 /Users/bigomc/atmel-arm-none-eabi/bin/../lib/gcc/arm-none-eabi/5.3.1/../../../../arm-none-eabi/lib/armv6-m/crt0.o
 .ARM.exidx     0x0000000000000000        0x8 /Users/bigomc/atmel-arm-none-eabi/bin/../lib/gcc/arm-none-eabi/5.3.1/../../../../arm-none-eabi/lib/armv6-m/crt0.o
 .ARM.attributes
                0x0000000000000000       0x1b /Users/bigomc/atmel-arm-none-eabi/bin/../lib/gcc/arm-none-eabi/5.3.1/../../../../arm-none-eabi/lib/armv6-m/crt0.o
 .group         0x0000000000000000        0x8 ./Build/asf/common/utils/interrupt/interrupt_sam_nvic.o
 .group         0x0000000000000000        0x8 ./Build/asf/common/utils/interrupt/interrupt_sam_nvic.o
 .group         0x0000000000000000        0x8 ./Build/asf/common/utils/interrupt/interrupt_sam_nvic.o
 .group         0x0000000000000000        0x8 ./Build/asf/common/utils/interrupt/interrupt_sam_nvic.o
 .group         0x0000000000000000        0x8 ./Build/asf/common/utils/interrupt/interrupt_sam_nvic.o
 .group         0x0000000000000000        0x8 ./Build/asf/common/utils/interrupt/interrupt_sam_nvic.o
 .group         0x0000000000000000        0x8 ./Build/asf/common/utils/interrupt/interrupt_sam_nvic.o
 .group         0x0000000000000000        0x8 ./Build/asf/common/utils/interrupt/interrupt_sam_nvic.o
 .group         0x0000000000000000        0x8 ./Build/asf/common/utils/interrupt/interrupt_sam_nvic.o
 .group         0x0000000000000000        0x8 ./Build/asf/common/utils/interrupt/interrupt_sam_nvic.o
 .group         0x0000000000000000        0x8 ./Build/asf/common/utils/interrupt/interrupt_sam_nvic.o
 .group         0x0000000000000000        0x8 ./Build/asf/common/utils/interrupt/interrupt_sam_nvic.o
 .group         0x0000000000000000        0x8 ./Build/asf/common/utils/interrupt/interrupt_sam_nvic.o
 .group         0x0000000000000000        0x8 ./Build/asf/common/utils/interrupt/interrupt_sam_nvic.o
 .group         0x0000000000000000        0x8 ./Build/asf/common/utils/interrupt/interrupt_sam_nvic.o
 .group         0x0000000000000000        0x8 ./Build/asf/common/utils/interrupt/interrupt_sam_nvic.o
 .group         0x0000000000000000        0x8 ./Build/asf/common/utils/interrupt/interrupt_sam_nvic.o
[...]
Memory Configuration

Name             Origin             Length             Attributes
rom              0x0000000000000000 0x0000000000040000 xr
ram              0x0000000020000000 0x0000000000008000 xrw
*default*        0x0000000000000000 0xffffffffffffffff

Linker script and memory map

LOAD /Users/bigomc/atmel-arm-none-eabi/bin/../lib/gcc/arm-none-eabi/5.3.1/armv6-m/crti.o
LOAD /Users/bigomc/atmel-arm-none-eabi/bin/../lib/gcc/arm-none-eabi/5.3.1/armv6-m/crtbegin.o
LOAD /Users/bigomc/atmel-arm-none-eabi/bin/../lib/gcc/arm-none-eabi/5.3.1/../../../../arm-none-eabi/lib/armv6-m/crt0.o
                0x0000000000002000                STACK_SIZE = DEFINED (STACK_SIZE)?STACK_SIZE:DEFINED (__stack_size__)?__stack_size__:0x2000

.text           0x0000000000000000      0x77c
                0x0000000000000000                . = ALIGN (0x4)
                0x0000000000000000                _sfixed = .
 *(.vectors .vectors.*)
 .vectors       0x0000000000000000       0xbc ./Build/sam0/utils/cmsis/samc21/source/gcc/startup_samc21.o
                0x0000000000000000                exception_table
 *(.text .text.* .gnu.linkonce.t.*)
 .text          0x00000000000000bc       0x60 /Users/bigomc/atmel-arm-none-eabi/bin/../lib/gcc/arm-none-eabi/5.3.1/armv6-m/crtbegin.o
 .text.cpu_irq_enter_critical
                0x000000000000011c       0x40 ./Build/asf/common/utils/interrupt/interrupt_sam_nvic.o
                0x000000000000011c                cpu_irq_enter_critical
 .text.cpu_irq_leave_critical
                0x000000000000015c       0x30 ./Build/asf/common/utils/interrupt/interrupt_sam_nvic.o
                0x000000000000015c                cpu_irq_leave_critical
 .text.system_board_init
                0x000000000000018c       0x34 ./Build/sam0/boards/samc21_xplained_pro/board_init.o
                0x000000000000018c                system_board_init
                0x000000000000018c                board_init
 .text.port_pin_set_config
                0x00000000000001c0       0x20 ./Build/sam0/drivers/port/port.o
                0x00000000000001c0                port_pin_set_config
 .text.system_clock_source_get_hz
                0x00000000000001e0       0x58 ./Build/sam0/drivers/system/clock/clock_samc20_c21/clock.o
                0x00000000000001e0                system_clock_source_get_hz
 .text.system_clock_init
                0x0000000000000238       0x58 ./Build/sam0/drivers/system/clock/clock_samc20_c21/clock.o
                0x0000000000000238                system_clock_init
 .text.system_gclk_init
                0x0000000000000290       0x24 ./Build/sam0/drivers/system/clock/clock_samc20_c21/gclk.o
                0x0000000000000290                system_gclk_init
 .text.system_gclk_gen_set_config
                0x00000000000002b4       0xa4 ./Build/sam0/drivers/system/clock/clock_samc20_c21/gclk.o
                0x00000000000002b4                system_gclk_gen_set_config
 .text.system_gclk_gen_enable
                0x0000000000000358       0x38 ./Build/sam0/drivers/system/clock/clock_samc20_c21/gclk.o
                0x0000000000000358                system_gclk_gen_enable
 .text.system_gclk_gen_get_hz
                0x0000000000000390       0x5c ./Build/sam0/drivers/system/clock/clock_samc20_c21/gclk.o
                0x0000000000000390                system_gclk_gen_get_hz
 .text._system_pinmux_config
                0x00000000000003ec       0xa8 ./Build/sam0/drivers/system/pinmux/pinmux.o
 .text.system_pinmux_pin_set_config
                0x0000000000000494       0x28 ./Build/sam0/drivers/system/pinmux/pinmux.o
                0x0000000000000494                system_pinmux_pin_set_config
 .text._system_dummy_init
                0x00000000000004bc        0x4 ./Build/sam0/drivers/system/system.o
                0x00000000000004bc                _system_divas_init
                0x00000000000004bc                _system_extint_init
                0x00000000000004bc                _system_events_init
                0x00000000000004bc                _system_dummy_init
 .text.system_init
                0x00000000000004c0       0x18 ./Build/sam0/drivers/system/system.o
                0x00000000000004c0                system_init
 .text.Dummy_Handler
                0x00000000000004d8        0x4 ./Build/sam0/utils/cmsis/samc21/source/gcc/startup_samc21.o
                0x00000000000004d8                TC0_Handler
                0x00000000000004d8                HardFault_Handler
                0x00000000000004d8                TC2_Handler
                0x00000000000004d8                AC_Handler
                0x00000000000004d8                PendSV_Handler
                0x00000000000004d8                NMI_Handler
                0x00000000000004d8                SERCOM1_Handler
                0x00000000000004d8                TCC1_Handler
                0x00000000000004d8                SERCOM2_Handler
                0x00000000000004d8                TCC0_Handler
                0x00000000000004d8                RTC_Handler
                0x00000000000004d8                ADC1_Handler
                0x00000000000004d8                EIC_Handler
                0x00000000000004d8                WDT_Handler
                0x00000000000004d8                CAN0_Handler
                0x00000000000004d8                TC4_Handler
                0x00000000000004d8                TC1_Handler
                0x00000000000004d8                TC3_Handler
                0x00000000000004d8                SDADC_Handler
                0x00000000000004d8                Dummy_Handler
                0x00000000000004d8                SERCOM5_Handler
                0x00000000000004d8                CAN1_Handler
                0x00000000000004d8                ADC0_Handler
                0x00000000000004d8                TSENS_Handler
                0x00000000000004d8                SVC_Handler
                0x00000000000004d8                TCC2_Handler
                0x00000000000004d8                EVSYS_Handler
                0x00000000000004d8                SERCOM3_Handler
                0x00000000000004d8                SERCOM4_Handler
                0x00000000000004d8                NVMCTRL_Handler
                0x00000000000004d8                SYSTEM_Handler
                0x00000000000004d8                SERCOM0_Handler
                0x00000000000004d8                DAC_Handler
                0x00000000000004d8                PTC_Handler
                0x00000000000004d8                FREQM_Handler
                0x00000000000004d8                DMAC_Handler
 .text.Reset_Handler
                0x00000000000004dc       0x94 ./Build/sam0/utils/cmsis/samc21/source/gcc/startup_samc21.o
                0x00000000000004dc                Reset_Handler
 .text.SysTick_Handler
                0x0000000000000570        0xc ./Build/main.o
                0x0000000000000570                SysTick_Handler
 .text.main     0x000000000000057c       0x5c ./Build/main.o
                0x000000000000057c                main
 .text          0x00000000000005d8      0x114 /Users/bigomc/atmel-arm-none-eabi/bin/../lib/gcc/arm-none-eabi/5.3.1/armv6-m/libgcc.a(_udivsi3.o)
                0x00000000000005d8                __udivsi3
                0x00000000000005d8                __aeabi_uidiv
                0x00000000000006e4                __aeabi_uidivmod
 .text          0x00000000000006ec        0x4 /Users/bigomc/atmel-arm-none-eabi/bin/../lib/gcc/arm-none-eabi/5.3.1/armv6-m/libgcc.a(_dvmd_tls.o)
                0x00000000000006ec                __aeabi_ldiv0
                0x00000000000006ec                __aeabi_idiv0
 .text.__libc_init_array
                0x00000000000006f0       0x4c /Users/bigomc/atmel-arm-none-eabi/bin/../lib/gcc/arm-none-eabi/5.3.1/../../../../arm-none-eabi/lib/armv6-m/libc_nano.a(lib_a-init.o)
                0x00000000000006f0                __libc_init_array
 *(.glue_7t)
 .glue_7t       0x000000000000073c        0x0 linker stubs
 *(.glue_7)
 .glue_7        0x000000000000073c        0x0 linker stubs
 *(.rodata .rodata* .gnu.linkonce.r.*)
 .rodata.system_clock_source_get_hz
                0x000000000000073c       0x20 ./Build/sam0/drivers/system/clock/clock_samc20_c21/clock.o
 *(.ARM.extab* .gnu.linkonce.armextab.*)
                0x000000000000075c                . = ALIGN (0x4)
 *(.init)
 .init          0x000000000000075c        0x4 /Users/bigomc/atmel-arm-none-eabi/bin/../lib/gcc/arm-none-eabi/5.3.1/armv6-m/crti.o
                0x000000000000075c                _init
 .init          0x0000000000000760        0x8 /Users/bigomc/atmel-arm-none-eabi/bin/../lib/gcc/arm-none-eabi/5.3.1/armv6-m/crtn.o
                0x0000000000000768                . = ALIGN (0x4)
                0x0000000000000768                __preinit_array_start = .
 *(.preinit_array)
                0x0000000000000768                __preinit_array_end = .
                0x0000000000000768                . = ALIGN (0x4)
                0x0000000000000768                __init_array_start = .
 *(SORT(.init_array.*))
 *(.init_array)
 .init_array    0x0000000000000768        0x4 /Users/bigomc/atmel-arm-none-eabi/bin/../lib/gcc/arm-none-eabi/5.3.1/armv6-m/crtbegin.o
                0x000000000000076c                __init_array_end = .
                0x000000000000076c                . = ALIGN (0x4)
 *crtbegin.o(.ctors)
 *(EXCLUDE_FILE(*crtend.o) .ctors)
 *(SORT(.ctors.*))
 *crtend.o(.ctors)
                0x000000000000076c                . = ALIGN (0x4)
 *(.fini)
 .fini          0x000000000000076c        0x4 /Users/bigomc/atmel-arm-none-eabi/bin/../lib/gcc/arm-none-eabi/5.3.1/armv6-m/crti.o
                0x000000000000076c                _fini
 .fini          0x0000000000000770        0x8 /Users/bigomc/atmel-arm-none-eabi/bin/../lib/gcc/arm-none-eabi/5.3.1/armv6-m/crtn.o
                0x0000000000000778                . = ALIGN (0x4)
                0x0000000000000778                __fini_array_start = .
 *(.fini_array)
 .fini_array    0x0000000000000778        0x4 /Users/bigomc/atmel-arm-none-eabi/bin/../lib/gcc/arm-none-eabi/5.3.1/armv6-m/crtbegin.o
 *(SORT(.fini_array.*))
                0x000000000000077c                __fini_array_end = .
 *crtbegin.o(.dtors)
 *(EXCLUDE_FILE(*crtend.o) .dtors)
 *(SORT(.dtors.*))
 *crtend.o(.dtors)
                0x000000000000077c                . = ALIGN (0x4)
                0x000000000000077c                _efixed = .
                [!provide]                        PROVIDE (__exidx_start, .)

.vfp11_veneer   0x000000000000077c        0x0
 .vfp11_veneer  0x000000000000077c        0x0 linker stubs

.v4_bx          0x000000000000077c        0x0
 .v4_bx         0x000000000000077c        0x0 linker stubs

.iplt           0x000000000000077c        0x0
 .iplt          0x000000000000077c        0x0 /Users/bigomc/atmel-arm-none-eabi/bin/../lib/gcc/arm-none-eabi/5.3.1/armv6-m/crtbegin.o

.eh_frame       0x000000000000077c        0x0
 .eh_frame      0x000000000000077c        0x0 /Users/bigomc/atmel-arm-none-eabi/bin/../lib/gcc/arm-none-eabi/5.3.1/armv6-m/crtbegin.o

.rel.dyn        0x000000000000077c        0x0
 .rel.iplt      0x000000000000077c        0x0 /Users/bigomc/atmel-arm-none-eabi/bin/../lib/gcc/arm-none-eabi/5.3.1/armv6-m/crtbegin.o

.jcr            0x000000000000077c        0x0
 .jcr           0x000000000000077c        0x0 /Users/bigomc/atmel-arm-none-eabi/bin/../lib/gcc/arm-none-eabi/5.3.1/armv6-m/crtbegin.o

.igot.plt       0x000000000000077c        0x0
 .igot.plt      0x000000000000077c        0x0 /Users/bigomc/atmel-arm-none-eabi/bin/../lib/gcc/arm-none-eabi/5.3.1/armv6-m/crtbegin.o

.ARM.exidx
 *(.ARM.exidx* .gnu.linkonce.armexidx.*)
                [!provide]                        PROVIDE (__exidx_end, .)
                0x000000000000077c                . = ALIGN (0x4)
                0x000000000000077c                _etext = .

.relocate       0x0000000020000000        0x4 load address 0x000000000000077c
                0x0000000020000000                . = ALIGN (0x4)
                0x0000000020000000                _srelocate = .
 *(.ramfunc .ramfunc.*)
 *(.data .data.*)
 .data.g_interrupt_enabled
                0x0000000020000000        0x1 ./Build/asf/common/utils/interrupt/interrupt_sam_nvic.o
                0x0000000020000000                g_interrupt_enabled
                0x0000000020000004                . = ALIGN (0x4)
 *fill*         0x0000000020000001        0x3 
                0x0000000020000004                _erelocate = .

.bss            0x0000000020000004       0x30 load address 0x0000000000000780
                0x0000000020000004                . = ALIGN (0x4)
                0x0000000020000004                _sbss = .
                0x0000000020000004                _szero = .
 *(.bss .bss.*)
 .bss           0x0000000020000004       0x1c /Users/bigomc/atmel-arm-none-eabi/bin/../lib/gcc/arm-none-eabi/5.3.1/armv6-m/crtbegin.o
 .bss.cpu_irq_critical_section_counter
                0x0000000020000020        0x4 ./Build/asf/common/utils/interrupt/interrupt_sam_nvic.o
 .bss.cpu_irq_prev_interrupt_state
                0x0000000020000024        0x1 ./Build/asf/common/utils/interrupt/interrupt_sam_nvic.o
 *fill*         0x0000000020000025        0x3 
 .bss._system_clock_inst
                0x0000000020000028        0xc ./Build/sam0/drivers/system/clock/clock_samc20_c21/clock.o
 *(COMMON)
                0x0000000020000034                . = ALIGN (0x4)
                0x0000000020000034                _ebss = .
                0x0000000020000034                _ezero = .

.stack          0x0000000020000034     0x2004 load address 0x00000000000007b0
                0x0000000020000038                . = ALIGN (0x8)
 *fill*         0x0000000020000034        0x4 
                0x0000000020000038                _sstack = .
                0x0000000020002038                . = (. + STACK_SIZE)
 *fill*         0x0000000020000038     0x2000 
                0x0000000020002038                . = ALIGN (0x8)
                0x0000000020002038                _estack = .
                0x0000000020002038                . = ALIGN (0x4)
                0x0000000020002038                _end = .
LOAD ./Build/asf/common/utils/interrupt/interrupt_sam_nvic.o
LOAD ./Build/sam0/boards/samc21_xplained_pro/board_init.o
LOAD ./Build/sam0/drivers/port/port.o
LOAD ./Build/sam0/drivers/system/clock/clock_samc20_c21/clock.o
LOAD ./Build/sam0/drivers/system/clock/clock_samc20_c21/gclk.o
LOAD ./Build/sam0/drivers/system/interrupt/system_interrupt.o
LOAD ./Build/sam0/drivers/system/pinmux/pinmux.o
LOAD ./Build/sam0/drivers/system/system.o
LOAD ./Build/sam0/utils/cmsis/samc21/source/gcc/startup_samc21.o
LOAD ./Build/sam0/utils/cmsis/samc21/source/system_samc21.o
LOAD ./Build/sam0/utils/syscalls/gcc/syscalls.o
LOAD ./Build/main.o
LOAD asf/thirdparty/CMSIS/Lib/GCC/libarm_cortexM0l_math.a
LOAD /Users/bigomc/atmel-arm-none-eabi/bin/../lib/gcc/arm-none-eabi/5.3.1/../../../../arm-none-eabi/lib/armv6-m/libstdc++_nano.a
LOAD /Users/bigomc/atmel-arm-none-eabi/bin/../lib/gcc/arm-none-eabi/5.3.1/../../../../arm-none-eabi/lib/armv6-m/libm.a
START GROUP
LOAD /Users/bigomc/atmel-arm-none-eabi/bin/../lib/gcc/arm-none-eabi/5.3.1/armv6-m/libgcc.a
LOAD /Users/bigomc/atmel-arm-none-eabi/bin/../lib/gcc/arm-none-eabi/5.3.1/../../../../arm-none-eabi/lib/armv6-m/libc_nano.a
END GROUP
START GROUP
LOAD /Users/bigomc/atmel-arm-none-eabi/bin/../lib/gcc/arm-none-eabi/5.3.1/armv6-m/libgcc.a
LOAD /Users/bigomc/atmel-arm-none-eabi/bin/../lib/gcc/arm-none-eabi/5.3.1/../../../../arm-none-eabi/lib/armv6-m/libc_nano.a
END GROUP
LOAD /Users/bigomc/atmel-arm-none-eabi/bin/../lib/gcc/arm-none-eabi/5.3.1/armv6-m/crtend.o
LOAD /Users/bigomc/atmel-arm-none-eabi/bin/../lib/gcc/arm-none-eabi/5.3.1/armv6-m/crtn.o
OUTPUT(led_toggle_flash.elf elf32-littlearm)

.ARM.attributes
                0x0000000000000000       0x28
 .ARM.attributes
                0x0000000000000000       0x1e /Users/bigomc/atmel-arm-none-eabi/bin/../lib/gcc/arm-none-eabi/5.3.1/armv6-m/crti.o
 .ARM.attributes
                0x000000000000001e       0x2c /Users/bigomc/atmel-arm-none-eabi/bin/../lib/gcc/arm-none-eabi/5.3.1/armv6-m/crtbegin.o
 .ARM.attributes
                0x000000000000004a       0x32 ./Build/asf/common/utils/interrupt/interrupt_sam_nvic.o
 .ARM.attributes
                0x000000000000007c       0x32 ./Build/sam0/boards/samc21_xplained_pro/board_init.o
 .ARM.attributes
                0x00000000000000ae       0x32 ./Build/sam0/drivers/port/port.o
 .ARM.attributes
                0x00000000000000e0       0x32 ./Build/sam0/drivers/system/clock/clock_samc20_c21/clock.o
 .ARM.attributes
                0x0000000000000112       0x32 ./Build/sam0/drivers/system/clock/clock_samc20_c21/gclk.o
 .ARM.attributes
                0x0000000000000144       0x32 ./Build/sam0/drivers/system/pinmux/pinmux.o
 .ARM.attributes
                0x0000000000000176       0x32 ./Build/sam0/drivers/system/system.o
 .ARM.attributes
                0x00000000000001a8       0x32 ./Build/sam0/utils/cmsis/samc21/source/gcc/startup_samc21.o
 .ARM.attributes
                0x00000000000001da       0x32 ./Build/main.o
 .ARM.attributes
                0x000000000000020c       0x1e /Users/bigomc/atmel-arm-none-eabi/bin/../lib/gcc/arm-none-eabi/5.3.1/armv6-m/libgcc.a(_udivsi3.o)
 .ARM.attributes
                0x000000000000022a       0x1e /Users/bigomc/atmel-arm-none-eabi/bin/../lib/gcc/arm-none-eabi/5.3.1/armv6-m/libgcc.a(_dvmd_tls.o)
 .ARM.attributes
                0x0000000000000248       0x2c /Users/bigomc/atmel-arm-none-eabi/bin/../lib/gcc/arm-none-eabi/5.3.1/../../../../arm-none-eabi/lib/armv6-m/libc_nano.a(lib_a-init.o)
 .ARM.attributes
                0x0000000000000274       0x1e /Users/bigomc/atmel-arm-none-eabi/bin/../lib/gcc/arm-none-eabi/5.3.1/armv6-m/crtn.o

.comment        0x0000000000000000       0x59
 .comment       0x0000000000000000       0x59 ./Build/asf/common/utils/interrupt/interrupt_sam_nvic.o
                                         0x5a (size before relaxing)
 .comment       0x0000000000000059       0x5a ./Build/sam0/boards/samc21_xplained_pro/board_init.o
 .comment       0x0000000000000059       0x5a ./Build/sam0/drivers/port/port.o
 .comment       0x0000000000000059       0x5a ./Build/sam0/drivers/system/clock/clock_samc20_c21/clock.o
 .comment       0x0000000000000059       0x5a ./Build/sam0/drivers/system/clock/clock_samc20_c21/gclk.o
 .comment       0x0000000000000059       0x5a ./Build/sam0/drivers/system/pinmux/pinmux.o
 .comment       0x0000000000000059       0x5a ./Build/sam0/drivers/system/system.o
 .comment       0x0000000000000059       0x5a ./Build/sam0/utils/cmsis/samc21/source/gcc/startup_samc21.o
 .comment       0x0000000000000059       0x5a ./Build/main.o

.debug_info     0x0000000000000000     0x74fd
 .debug_info    0x0000000000000000      0x1ea ./Build/asf/common/utils/interrupt/interrupt_sam_nvic.o
 .debug_info    0x00000000000001ea      0x93a ./Build/sam0/boards/samc21_xplained_pro/board_init.o
 .debug_info    0x0000000000000b24      0x944 ./Build/sam0/drivers/port/port.o
 .debug_info    0x0000000000001468     0x2e7c ./Build/sam0/drivers/system/clock/clock_samc20_c21/clock.o
 .debug_info    0x00000000000042e4     0x132c ./Build/sam0/drivers/system/clock/clock_samc20_c21/gclk.o
 .debug_info    0x0000000000005610      0xa80 ./Build/sam0/drivers/system/pinmux/pinmux.o
 .debug_info    0x0000000000006090      0x15e ./Build/sam0/drivers/system/system.o
 .debug_info    0x00000000000061ee      0x4fa ./Build/sam0/utils/cmsis/samc21/source/gcc/startup_samc21.o
 .debug_info    0x00000000000066e8      0xe15 ./Build/main.o

.debug_abbrev   0x0000000000000000     0x1325
 .debug_abbrev  0x0000000000000000       0xf6 ./Build/asf/common/utils/interrupt/interrupt_sam_nvic.o
 .debug_abbrev  0x00000000000000f6      0x21f ./Build/sam0/boards/samc21_xplained_pro/board_init.o
 .debug_abbrev  0x0000000000000315      0x1db ./Build/sam0/drivers/port/port.o
 .debug_abbrev  0x00000000000004f0      0x366 ./Build/sam0/drivers/system/clock/clock_samc20_c21/clock.o
 .debug_abbrev  0x0000000000000856      0x3a3 ./Build/sam0/drivers/system/clock/clock_samc20_c21/gclk.o
 .debug_abbrev  0x0000000000000bf9      0x2a4 ./Build/sam0/drivers/system/pinmux/pinmux.o
 .debug_abbrev  0x0000000000000e9d       0xb8 ./Build/sam0/drivers/system/system.o
 .debug_abbrev  0x0000000000000f55      0x146 ./Build/sam0/utils/cmsis/samc21/source/gcc/startup_samc21.o
 .debug_abbrev  0x000000000000109b      0x28a ./Build/main.o

.debug_aranges  0x0000000000000000      0x220
 .debug_aranges
                0x0000000000000000       0x28 ./Build/asf/common/utils/interrupt/interrupt_sam_nvic.o
 .debug_aranges
                0x0000000000000028       0x20 ./Build/sam0/boards/samc21_xplained_pro/board_init.o
 .debug_aranges
                0x0000000000000048       0x28 ./Build/sam0/drivers/port/port.o
 .debug_aranges
                0x0000000000000070       0x78 ./Build/sam0/drivers/system/clock/clock_samc20_c21/clock.o
 .debug_aranges
                0x00000000000000e8       0x80 ./Build/sam0/drivers/system/clock/clock_samc20_c21/gclk.o
 .debug_aranges
                0x0000000000000168       0x40 ./Build/sam0/drivers/system/pinmux/pinmux.o
 .debug_aranges
                0x00000000000001a8       0x28 ./Build/sam0/drivers/system/system.o
 .debug_aranges
                0x00000000000001d0       0x28 ./Build/sam0/utils/cmsis/samc21/source/gcc/startup_samc21.o
 .debug_aranges
                0x00000000000001f8       0x28 ./Build/main.o

.debug_ranges   0x0000000000000000      0x208
 .debug_ranges  0x0000000000000000       0x18 ./Build/asf/common/utils/interrupt/interrupt_sam_nvic.o
 .debug_ranges  0x0000000000000018       0x10 ./Build/sam0/boards/samc21_xplained_pro/board_init.o
 .debug_ranges  0x0000000000000028       0x18 ./Build/sam0/drivers/port/port.o
 .debug_ranges  0x0000000000000040       0x68 ./Build/sam0/drivers/system/clock/clock_samc20_c21/clock.o
 .debug_ranges  0x00000000000000a8       0xe8 ./Build/sam0/drivers/system/clock/clock_samc20_c21/gclk.o
 .debug_ranges  0x0000000000000190       0x30 ./Build/sam0/drivers/system/pinmux/pinmux.o
 .debug_ranges  0x00000000000001c0       0x18 ./Build/sam0/drivers/system/system.o
 .debug_ranges  0x00000000000001d8       0x18 ./Build/sam0/utils/cmsis/samc21/source/gcc/startup_samc21.o
 .debug_ranges  0x00000000000001f0       0x18 ./Build/main.o

.debug_macro    0x0000000000000000    0x1ba9f
 .debug_macro   0x0000000000000000      0x59b ./Build/asf/common/utils/interrupt/interrupt_sam_nvic.o
 .debug_macro   0x000000000000059b      0x838 ./Build/asf/common/utils/interrupt/interrupt_sam_nvic.o
 .debug_macro   0x0000000000000dd3      0x16d ./Build/asf/common/utils/interrupt/interrupt_sam_nvic.o
 .debug_macro   0x0000000000000f40      0x6d7 ./Build/asf/common/utils/interrupt/interrupt_sam_nvic.o
 .debug_macro   0x0000000000001617       0x22 ./Build/asf/common/utils/interrupt/interrupt_sam_nvic.o
 .debug_macro   0x0000000000001639       0x87 ./Build/asf/common/utils/interrupt/interrupt_sam_nvic.o
 .debug_macro   0x00000000000016c0       0x44 ./Build/asf/common/utils/interrupt/interrupt_sam_nvic.o
 .debug_macro   0x0000000000001704       0xfd ./Build/asf/common/utils/interrupt/interrupt_sam_nvic.o
 .debug_macro   0x0000000000001801       0x22 ./Build/asf/common/utils/interrupt/interrupt_sam_nvic.o
 .debug_macro   0x0000000000001823      0x1df ./Build/asf/common/utils/interrupt/interrupt_sam_nvic.o
 .debug_macro   0x0000000000001a02       0x10 ./Build/asf/common/utils/interrupt/interrupt_sam_nvic.o
 .debug_macro   0x0000000000001a12       0x76 ./Build/asf/common/utils/interrupt/interrupt_sam_nvic.o
 .debug_macro   0x0000000000001a88       0x16 ./Build/asf/common/utils/interrupt/interrupt_sam_nvic.o
 .debug_macro   0x0000000000001a9e      0x6db ./Build/asf/common/utils/interrupt/interrupt_sam_nvic.o
 .debug_macro   0x0000000000002179      0xdd8 ./Build/asf/common/utils/interrupt/interrupt_sam_nvic.o
 .debug_macro   0x0000000000002f51       0x22 ./Build/asf/common/utils/interrupt/interrupt_sam_nvic.o
 .debug_macro   0x0000000000002f73       0x40 ./Build/asf/common/utils/interrupt/interrupt_sam_nvic.o
 .debug_macro   0x0000000000002fb3       0x3a ./Build/asf/common/utils/interrupt/interrupt_sam_nvic.o
 .debug_macro   0x0000000000002fed       0x1f ./Build/asf/common/utils/interrupt/interrupt_sam_nvic.o
 .debug_macro   0x000000000000300c      0x376 ./Build/asf/common/utils/interrupt/interrupt_sam_nvic.o
 .debug_macro   0x0000000000003382      0x897 ./Build/asf/common/utils/interrupt/interrupt_sam_nvic.o
 .debug_macro   0x0000000000003c19      0x8c4 ./Build/asf/common/utils/interrupt/interrupt_sam_nvic.o
 .debug_macro   0x00000000000044dd     0x2d61 ./Build/asf/common/utils/interrupt/interrupt_sam_nvic.o
 .debug_macro   0x000000000000723e      0x222 ./Build/asf/common/utils/interrupt/interrupt_sam_nvic.o
 .debug_macro   0x0000000000007460      0x286 ./Build/asf/common/utils/interrupt/interrupt_sam_nvic.o
 .debug_macro   0x00000000000076e6      0x137 ./Build/asf/common/utils/interrupt/interrupt_sam_nvic.o
 .debug_macro   0x000000000000781d      0xc3a ./Build/asf/common/utils/interrupt/interrupt_sam_nvic.o
 .debug_macro   0x0000000000008457      0x5f0 ./Build/asf/common/utils/interrupt/interrupt_sam_nvic.o
 .debug_macro   0x0000000000008a47      0x5be ./Build/asf/common/utils/interrupt/interrupt_sam_nvic.o
 .debug_macro   0x0000000000009005      0x828 ./Build/asf/common/utils/interrupt/interrupt_sam_nvic.o
 .debug_macro   0x000000000000982d      0x172 ./Build/asf/common/utils/interrupt/interrupt_sam_nvic.o
 .debug_macro   0x000000000000999f      0x286 ./Build/asf/common/utils/interrupt/interrupt_sam_nvic.o
 .debug_macro   0x0000000000009c25      0x55f ./Build/asf/common/utils/interrupt/interrupt_sam_nvic.o
 .debug_macro   0x000000000000a184      0x433 ./Build/asf/common/utils/interrupt/interrupt_sam_nvic.o
 .debug_macro   0x000000000000a5b7      0x21c ./Build/asf/common/utils/interrupt/interrupt_sam_nvic.o
 .debug_macro   0x000000000000a7d3      0x7a2 ./Build/asf/common/utils/interrupt/interrupt_sam_nvic.o
 .debug_macro   0x000000000000af75      0x557 ./Build/asf/common/utils/interrupt/interrupt_sam_nvic.o
 .debug_macro   0x000000000000b4cc      0x335 ./Build/asf/common/utils/interrupt/interrupt_sam_nvic.o
 .debug_macro   0x000000000000b801      0x6ab ./Build/asf/common/utils/interrupt/interrupt_sam_nvic.o
 .debug_macro   0x000000000000beac       0xc4 ./Build/asf/common/utils/interrupt/interrupt_sam_nvic.o
 .debug_macro   0x000000000000bf70      0x349 ./Build/asf/common/utils/interrupt/interrupt_sam_nvic.o
 .debug_macro   0x000000000000c2b9       0x6a ./Build/asf/common/utils/interrupt/interrupt_sam_nvic.o
 .debug_macro   0x000000000000c323     0x1216 ./Build/asf/common/utils/interrupt/interrupt_sam_nvic.o
 .debug_macro   0x000000000000d539      0x5a9 ./Build/asf/common/utils/interrupt/interrupt_sam_nvic.o
 .debug_macro   0x000000000000dae2      0xfc5 ./Build/asf/common/utils/interrupt/interrupt_sam_nvic.o
 .debug_macro   0x000000000000eaa7      0x5a1 ./Build/asf/common/utils/interrupt/interrupt_sam_nvic.o
 .debug_macro   0x000000000000f048      0x3c4 ./Build/asf/common/utils/interrupt/interrupt_sam_nvic.o
 .debug_macro   0x000000000000f40c      0x8b2 ./Build/asf/common/utils/interrupt/interrupt_sam_nvic.o
 .debug_macro   0x000000000000fcbe     0x19c2 ./Build/asf/common/utils/interrupt/interrupt_sam_nvic.o
 .debug_macro   0x0000000000011680      0x39c ./Build/asf/common/utils/interrupt/interrupt_sam_nvic.o
 .debug_macro   0x0000000000011a1c      0x36e ./Build/asf/common/utils/interrupt/interrupt_sam_nvic.o
 .debug_macro   0x0000000000011d8a       0x94 ./Build/asf/common/utils/interrupt/interrupt_sam_nvic.o
 .debug_macro   0x0000000000011e1e       0xac ./Build/asf/common/utils/interrupt/interrupt_sam_nvic.o
 .debug_macro   0x0000000000011eca       0xac ./Build/asf/common/utils/interrupt/interrupt_sam_nvic.o
 .debug_macro   0x0000000000011f76      0x14d ./Build/asf/common/utils/interrupt/interrupt_sam_nvic.o
 .debug_macro   0x00000000000120c3      0x14d ./Build/asf/common/utils/interrupt/interrupt_sam_nvic.o
 .debug_macro   0x0000000000012210       0x4c ./Build/asf/common/utils/interrupt/interrupt_sam_nvic.o
 .debug_macro   0x000000000001225c       0x58 ./Build/asf/common/utils/interrupt/interrupt_sam_nvic.o
 .debug_macro   0x00000000000122b4       0x3a ./Build/asf/common/utils/interrupt/interrupt_sam_nvic.o
 .debug_macro   0x00000000000122ee       0xd0 ./Build/asf/common/utils/interrupt/interrupt_sam_nvic.o
 .debug_macro   0x00000000000123be       0xb8 ./Build/asf/common/utils/interrupt/interrupt_sam_nvic.o
 .debug_macro   0x0000000000012476       0x64 ./Build/asf/common/utils/interrupt/interrupt_sam_nvic.o
 .debug_macro   0x00000000000124da      0x5fe ./Build/asf/common/utils/interrupt/interrupt_sam_nvic.o
 .debug_macro   0x0000000000012ad8       0x46 ./Build/asf/common/utils/interrupt/interrupt_sam_nvic.o
 .debug_macro   0x0000000000012b1e      0x1c2 ./Build/asf/common/utils/interrupt/interrupt_sam_nvic.o
 .debug_macro   0x0000000000012ce0      0x188 ./Build/asf/common/utils/interrupt/interrupt_sam_nvic.o
 .debug_macro   0x0000000000012e68       0x52 ./Build/asf/common/utils/interrupt/interrupt_sam_nvic.o
 .debug_macro   0x0000000000012eba       0xa0 ./Build/asf/common/utils/interrupt/interrupt_sam_nvic.o
 .debug_macro   0x0000000000012f5a       0xdc ./Build/asf/common/utils/interrupt/interrupt_sam_nvic.o
 .debug_macro   0x0000000000013036       0x8e ./Build/asf/common/utils/interrupt/interrupt_sam_nvic.o
 .debug_macro   0x00000000000130c4       0x4c ./Build/asf/common/utils/interrupt/interrupt_sam_nvic.o
 .debug_macro   0x0000000000013110       0x64 ./Build/asf/common/utils/interrupt/interrupt_sam_nvic.o
 .debug_macro   0x0000000000013174       0x22 ./Build/asf/common/utils/interrupt/interrupt_sam_nvic.o
 .debug_macro   0x0000000000013196      0x16e ./Build/asf/common/utils/interrupt/interrupt_sam_nvic.o
 .debug_macro   0x0000000000013304       0x16 ./Build/asf/common/utils/interrupt/interrupt_sam_nvic.o
 .debug_macro   0x000000000001331a       0xd6 ./Build/asf/common/utils/interrupt/interrupt_sam_nvic.o
 .debug_macro   0x00000000000133f0       0xa0 ./Build/asf/common/utils/interrupt/interrupt_sam_nvic.o
 .debug_macro   0x0000000000013490      0x136 ./Build/asf/common/utils/interrupt/interrupt_sam_nvic.o
 .debug_macro   0x00000000000135c6      0x136 ./Build/asf/common/utils/interrupt/interrupt_sam_nvic.o
 .debug_macro   0x00000000000136fc      0x136 ./Build/asf/common/utils/interrupt/interrupt_sam_nvic.o
 .debug_macro   0x0000000000013832      0x136 ./Build/asf/common/utils/interrupt/interrupt_sam_nvic.o
 .debug_macro   0x0000000000013968      0x136 ./Build/asf/common/utils/interrupt/interrupt_sam_nvic.o
 .debug_macro   0x0000000000013a9e      0x136 ./Build/asf/common/utils/interrupt/interrupt_sam_nvic.o
 .debug_macro   0x0000000000013bd4       0x4c ./Build/asf/common/utils/interrupt/interrupt_sam_nvic.o
 .debug_macro   0x0000000000013c20      0x16c ./Build/asf/common/utils/interrupt/interrupt_sam_nvic.o
 .debug_macro   0x0000000000013d8c       0xfa ./Build/asf/common/utils/interrupt/interrupt_sam_nvic.o
 .debug_macro   0x0000000000013e86       0xfa ./Build/asf/common/utils/interrupt/interrupt_sam_nvic.o
 .debug_macro   0x0000000000013f80       0xfa ./Build/asf/common/utils/interrupt/interrupt_sam_nvic.o
 .debug_macro   0x000000000001407a       0xfa ./Build/asf/common/utils/interrupt/interrupt_sam_nvic.o
 .debug_macro   0x0000000000014174       0xfa ./Build/asf/common/utils/interrupt/interrupt_sam_nvic.o
 .debug_macro   0x000000000001426e      0x124 ./Build/asf/common/utils/interrupt/interrupt_sam_nvic.o
 .debug_macro   0x0000000000014392       0xfa ./Build/asf/common/utils/interrupt/interrupt_sam_nvic.o
 .debug_macro   0x000000000001448c       0xee ./Build/asf/common/utils/interrupt/interrupt_sam_nvic.o
 .debug_macro   0x000000000001457a       0x76 ./Build/asf/common/utils/interrupt/interrupt_sam_nvic.o
 .debug_macro   0x00000000000145f0       0x3a ./Build/asf/common/utils/interrupt/interrupt_sam_nvic.o
 .debug_macro   0x000000000001462a      0x487 ./Build/asf/common/utils/interrupt/interrupt_sam_nvic.o
 .debug_macro   0x0000000000014ab1     0x2683 ./Build/asf/common/utils/interrupt/interrupt_sam_nvic.o
 .debug_macro   0x0000000000017134       0x82 ./Build/asf/common/utils/interrupt/interrupt_sam_nvic.o
 .debug_macro   0x00000000000171b6       0x52 ./Build/asf/common/utils/interrupt/interrupt_sam_nvic.o
 .debug_macro   0x0000000000017208       0x35 ./Build/asf/common/utils/interrupt/interrupt_sam_nvic.o
 .debug_macro   0x000000000001723d       0x9c ./Build/asf/common/utils/interrupt/interrupt_sam_nvic.o
 .debug_macro   0x00000000000172d9       0x16 ./Build/asf/common/utils/interrupt/interrupt_sam_nvic.o
 .debug_macro   0x00000000000172ef       0x35 ./Build/asf/common/utils/interrupt/interrupt_sam_nvic.o
 .debug_macro   0x0000000000017324      0x330 ./Build/asf/common/utils/interrupt/interrupt_sam_nvic.o
 .debug_macro   0x0000000000017654       0x10 ./Build/asf/common/utils/interrupt/interrupt_sam_nvic.o
 .debug_macro   0x0000000000017664       0x52 ./Build/asf/common/utils/interrupt/interrupt_sam_nvic.o
 .debug_macro   0x00000000000176b6       0x16 ./Build/asf/common/utils/interrupt/interrupt_sam_nvic.o
 .debug_macro   0x00000000000176cc       0x43 ./Build/asf/common/utils/interrupt/interrupt_sam_nvic.o
 .debug_macro   0x000000000001770f      0x187 ./Build/asf/common/utils/interrupt/interrupt_sam_nvic.o
 .debug_macro   0x0000000000017896       0x22 ./Build/asf/common/utils/interrupt/interrupt_sam_nvic.o
 .debug_macro   0x00000000000178b8       0x3a ./Build/asf/common/utils/interrupt/interrupt_sam_nvic.o
 .debug_macro   0x00000000000178f2       0x10 ./Build/asf/common/utils/interrupt/interrupt_sam_nvic.o
 .debug_macro   0x0000000000017902       0x40 ./Build/asf/common/utils/interrupt/interrupt_sam_nvic.o
 .debug_macro   0x0000000000017942       0x6c ./Build/asf/common/utils/interrupt/interrupt_sam_nvic.o
 .debug_macro   0x00000000000179ae       0x16 ./Build/asf/common/utils/interrupt/interrupt_sam_nvic.o
 .debug_macro   0x00000000000179c4      0x182 ./Build/asf/common/utils/interrupt/interrupt_sam_nvic.o
 .debug_macro   0x0000000000017b46       0x16 ./Build/asf/common/utils/interrupt/interrupt_sam_nvic.o
 .debug_macro   0x0000000000017b5c       0x16 ./Build/asf/common/utils/interrupt/interrupt_sam_nvic.o
 .debug_macro   0x0000000000017b72       0x29 ./Build/asf/common/utils/interrupt/interrupt_sam_nvic.o
 .debug_macro   0x0000000000017b9b       0x51 ./Build/asf/common/utils/interrupt/interrupt_sam_nvic.o
 .debug_macro   0x0000000000017bec      0x3df ./Build/asf/common/utils/interrupt/interrupt_sam_nvic.o
 .debug_macro   0x0000000000017fcb       0x3e ./Build/asf/common/utils/interrupt/interrupt_sam_nvic.o
 .debug_macro   0x0000000000018009      0x5da ./Build/sam0/boards/samc21_xplained_pro/board_init.o
 .debug_macro   0x00000000000185e3      0x2c3 ./Build/sam0/boards/samc21_xplained_pro/board_init.o
 .debug_macro   0x00000000000188a6      0x7e6 ./Build/sam0/boards/samc21_xplained_pro/board_init.o
 .debug_macro   0x000000000001908c       0x18 ./Build/sam0/boards/samc21_xplained_pro/board_init.o
 .debug_macro   0x00000000000190a4       0x19 ./Build/sam0/boards/samc21_xplained_pro/board_init.o
 .debug_macro   0x00000000000190bd      0x5b5 ./Build/sam0/drivers/port/port.o
 .debug_macro   0x0000000000019672      0x609 ./Build/sam0/drivers/system/clock/clock_samc20_c21/clock.o
 .debug_macro   0x0000000000019c7b      0x261 ./Build/sam0/drivers/system/clock/clock_samc20_c21/clock.o
 .debug_macro   0x0000000000019edc      0x5d5 ./Build/sam0/drivers/system/clock/clock_samc20_c21/gclk.o
 .debug_macro   0x000000000001a4b1       0x2e ./Build/sam0/drivers/system/clock/clock_samc20_c21/gclk.o
 .debug_macro   0x000000000001a4df      0x5ab ./Build/sam0/drivers/system/pinmux/pinmux.o
 .debug_macro   0x000000000001aa8a       0x12 ./Build/sam0/drivers/system/pinmux/pinmux.o
 .debug_macro   0x000000000001aa9c      0x5e5 ./Build/sam0/drivers/system/system.o
 .debug_macro   0x000000000001b081      0x3ad ./Build/sam0/utils/cmsis/samc21/source/gcc/startup_samc21.o
 .debug_macro   0x000000000001b42e       0x3a ./Build/sam0/utils/cmsis/samc21/source/gcc/startup_samc21.o
 .debug_macro   0x000000000001b468      0x637 ./Build/main.o

.debug_line     0x0000000000000000     0x5599
 .debug_line    0x0000000000000000      0x88e ./Build/asf/common/utils/interrupt/interrupt_sam_nvic.o
 .debug_line    0x000000000000088e      0x93f ./Build/sam0/boards/samc21_xplained_pro/board_init.o
 .debug_line    0x00000000000011cd      0x8ad ./Build/sam0/drivers/port/port.o
 .debug_line    0x0000000000001a7a      0xba4 ./Build/sam0/drivers/system/clock/clock_samc20_c21/clock.o
 .debug_line    0x000000000000261e      0xbc8 ./Build/sam0/drivers/system/clock/clock_samc20_c21/gclk.o
 .debug_line    0x00000000000031e6      0x8f1 ./Build/sam0/drivers/system/pinmux/pinmux.o
 .debug_line    0x0000000000003ad7      0x979 ./Build/sam0/drivers/system/system.o
 .debug_line    0x0000000000004450      0x652 ./Build/sam0/utils/cmsis/samc21/source/gcc/startup_samc21.o
 .debug_line    0x0000000000004aa2      0xaf7 ./Build/main.o

.debug_str      0x0000000000000000    0x9b399
 .debug_str     0x0000000000000000    0x9422b ./Build/asf/common/utils/interrupt/interrupt_sam_nvic.o
                                      0x94d48 (size before relaxing)
 .debug_str     0x000000000009422b     0x336b ./Build/sam0/boards/samc21_xplained_pro/board_init.o
                                      0x9805d (size before relaxing)
 .debug_str     0x0000000000097596      0x186 ./Build/sam0/drivers/port/port.o
                                      0x951ec (size before relaxing)
 .debug_str     0x000000000009771c     0x2fd6 ./Build/sam0/drivers/system/clock/clock_samc20_c21/clock.o
                                      0x97f7b (size before relaxing)
 .debug_str     0x000000000009a6f2      0x46d ./Build/sam0/drivers/system/clock/clock_samc20_c21/gclk.o
                                      0x95901 (size before relaxing)
 .debug_str     0x000000000009ab5f      0x172 ./Build/sam0/drivers/system/pinmux/pinmux.o
                                      0x95248 (size before relaxing)
 .debug_str     0x000000000009acd1       0x40 ./Build/sam0/drivers/system/system.o
                                      0x94dd8 (size before relaxing)
 .debug_str     0x000000000009ad11      0x3e2 ./Build/sam0/utils/cmsis/samc21/source/gcc/startup_samc21.o
                                      0x7fcbb (size before relaxing)
 .debug_str     0x000000000009b0f3      0x2a6 ./Build/main.o
                                      0x985fb (size before relaxing)

.debug_frame    0x0000000000000000      0x4dc
 .debug_frame   0x0000000000000000       0x30 ./Build/asf/common/utils/interrupt/interrupt_sam_nvic.o
 .debug_frame   0x0000000000000030       0x30 ./Build/sam0/boards/samc21_xplained_pro/board_init.o
 .debug_frame   0x0000000000000060       0x44 ./Build/sam0/drivers/port/port.o
 .debug_frame   0x00000000000000a4      0x15c ./Build/sam0/drivers/system/clock/clock_samc20_c21/clock.o
 .debug_frame   0x0000000000000200      0x150 ./Build/sam0/drivers/system/clock/clock_samc20_c21/gclk.o
 .debug_frame   0x0000000000000350       0x98 ./Build/sam0/drivers/system/pinmux/pinmux.o
 .debug_frame   0x00000000000003e8       0x38 ./Build/sam0/drivers/system/system.o
 .debug_frame   0x0000000000000420       0x38 ./Build/sam0/utils/cmsis/samc21/source/gcc/startup_samc21.o
 .debug_frame   0x0000000000000458       0x38 ./Build/main.o
 .debug_frame   0x0000000000000490       0x20 /Users/bigomc/atmel-arm-none-eabi/bin/../lib/gcc/arm-none-eabi/5.3.1/armv6-m/libgcc.a(_udivsi3.o)
 .debug_frame   0x00000000000004b0       0x2c /Users/bigomc/atmel-arm-none-eabi/bin/../lib/gcc/arm-none-eabi/5.3.1/../../../../arm-none-eabi/lib/armv6-m/libc_nano.a(lib_a-init.o)

.debug_loc      0x0000000000000000     0x19c6
 .debug_loc     0x0000000000000000       0x8a ./Build/sam0/boards/samc21_xplained_pro/board_init.o
 .debug_loc     0x000000000000008a      0x13d ./Build/sam0/drivers/port/port.o
 .debug_loc     0x00000000000001c7      0xe33 ./Build/sam0/drivers/system/clock/clock_samc20_c21/clock.o
 .debug_loc     0x0000000000000ffa      0x504 ./Build/sam0/drivers/system/clock/clock_samc20_c21/gclk.o
 .debug_loc     0x00000000000014fe      0x37b ./Build/sam0/drivers/system/pinmux/pinmux.o
 .debug_loc     0x0000000000001879       0x20 ./Build/sam0/drivers/system/system.o
 .debug_loc     0x0000000000001899       0x20 ./Build/sam0/utils/cmsis/samc21/source/gcc/startup_samc21.o
 .debug_loc     0x00000000000018b9      0x10d ./Build/main.o

Cross Reference Table

Symbol                                            File
AC_Handler                                        ./Build/sam0/utils/cmsis/samc21/source/gcc/startup_samc21.o
ADC0_Handler                                      ./Build/sam0/utils/cmsis/samc21/source/gcc/startup_samc21.o
ADC1_Handler                                      ./Build/sam0/utils/cmsis/samc21/source/gcc/startup_samc21.o
CAN0_Handler                                      ./Build/sam0/utils/cmsis/samc21/source/gcc/startup_samc21.o
CAN1_Handler                                      ./Build/sam0/utils/cmsis/samc21/source/gcc/startup_samc21.o
DAC_Handler                                       ./Build/sam0/utils/cmsis/samc21/source/gcc/startup_samc21.o
DMAC_Handler                                      ./Build/sam0/utils/cmsis/samc21/source/gcc/startup_samc21.o
Dummy_Handler                                     ./Build/sam0/utils/cmsis/samc21/source/gcc/startup_samc21.o
EIC_Handler                                       ./Build/sam0/utils/cmsis/samc21/source/gcc/startup_samc21.o
EVSYS_Handler                                     ./Build/sam0/utils/cmsis/samc21/source/gcc/startup_samc21.o
FREQM_Handler                                     ./Build/sam0/utils/cmsis/samc21/source/gcc/startup_samc21.o
HardFault_Handler                                 ./Build/sam0/utils/cmsis/samc21/source/gcc/startup_samc21.o
NMI_Handler                                       ./Build/sam0/utils/cmsis/samc21/source/gcc/startup_samc21.o
NVMCTRL_Handler                                   ./Build/sam0/utils/cmsis/samc21/source/gcc/startup_samc21.o
PTC_Handler                                       ./Build/sam0/utils/cmsis/samc21/source/gcc/startup_samc21.o
PendSV_Handler                                    ./Build/sam0/utils/cmsis/samc21/source/gcc/startup_samc21.o
RTC_Handler                                       ./Build/sam0/utils/cmsis/samc21/source/gcc/startup_samc21.o
Reset_Handler                                     ./Build/sam0/utils/cmsis/samc21/source/gcc/startup_samc21.o
SDADC_Handler                                     ./Build/sam0/utils/cmsis/samc21/source/gcc/startup_samc21.o
SERCOM0_Handler                                   ./Build/sam0/utils/cmsis/samc21/source/gcc/startup_samc21.o
SERCOM1_Handler                                   ./Build/sam0/utils/cmsis/samc21/source/gcc/startup_samc21.o
SERCOM2_Handler                                   ./Build/sam0/utils/cmsis/samc21/source/gcc/startup_samc21.o
SERCOM3_Handler                                   ./Build/sam0/utils/cmsis/samc21/source/gcc/startup_samc21.o
SERCOM4_Handler                                   ./Build/sam0/utils/cmsis/samc21/source/gcc/startup_samc21.o
SERCOM5_Handler                                   ./Build/sam0/utils/cmsis/samc21/source/gcc/startup_samc21.o
SVC_Handler                                       ./Build/sam0/utils/cmsis/samc21/source/gcc/startup_samc21.o
SYSTEM_Handler                                    ./Build/sam0/utils/cmsis/samc21/source/gcc/startup_samc21.o
SysTick_Handler                                   ./Build/main.o
                                                  ./Build/sam0/utils/cmsis/samc21/source/gcc/startup_samc21.o
SystemCoreClock                                   ./Build/sam0/utils/cmsis/samc21/source/system_samc21.o
SystemCoreClockUpdate                             ./Build/sam0/utils/cmsis/samc21/source/system_samc21.o
SystemInit                                        ./Build/sam0/utils/cmsis/samc21/source/system_samc21.o
TC0_Handler                                       ./Build/sam0/utils/cmsis/samc21/source/gcc/startup_samc21.o
TC1_Handler                                       ./Build/sam0/utils/cmsis/samc21/source/gcc/startup_samc21.o
TC2_Handler                                       ./Build/sam0/utils/cmsis/samc21/source/gcc/startup_samc21.o
TC3_Handler                                       ./Build/sam0/utils/cmsis/samc21/source/gcc/startup_samc21.o
TC4_Handler                                       ./Build/sam0/utils/cmsis/samc21/source/gcc/startup_samc21.o
TCC0_Handler                                      ./Build/sam0/utils/cmsis/samc21/source/gcc/startup_samc21.o
TCC1_Handler                                      ./Build/sam0/utils/cmsis/samc21/source/gcc/startup_samc21.o
TCC2_Handler                                      ./Build/sam0/utils/cmsis/samc21/source/gcc/startup_samc21.o
TSENS_Handler                                     ./Build/sam0/utils/cmsis/samc21/source/gcc/startup_samc21.o
WDT_Handler                                       ./Build/sam0/utils/cmsis/samc21/source/gcc/startup_samc21.o
_Jv_RegisterClasses                               /Users/bigomc/atmel-arm-none-eabi/bin/../lib/gcc/arm-none-eabi/5.3.1/armv6-m/crtbegin.o
__aeabi_idiv0                                     /Users/bigomc/atmel-arm-none-eabi/bin/../lib/gcc/arm-none-eabi/5.3.1/armv6-m/libgcc.a(_dvmd_tls.o)
                                                  /Users/bigomc/atmel-arm-none-eabi/bin/../lib/gcc/arm-none-eabi/5.3.1/armv6-m/libgcc.a(_udivsi3.o)
__aeabi_ldiv0                                     /Users/bigomc/atmel-arm-none-eabi/bin/../lib/gcc/arm-none-eabi/5.3.1/armv6-m/libgcc.a(_dvmd_tls.o)
__aeabi_uidiv                                     /Users/bigomc/atmel-arm-none-eabi/bin/../lib/gcc/arm-none-eabi/5.3.1/armv6-m/libgcc.a(_udivsi3.o)
                                                  ./Build/sam0/drivers/system/clock/clock_samc20_c21/gclk.o
                                                  ./Build/sam0/drivers/system/clock/clock_samc20_c21/clock.o
__aeabi_uidivmod                                  /Users/bigomc/atmel-arm-none-eabi/bin/../lib/gcc/arm-none-eabi/5.3.1/armv6-m/libgcc.a(_udivsi3.o)
__bss_end__                                       /Users/bigomc/atmel-arm-none-eabi/bin/../lib/gcc/arm-none-eabi/5.3.1/../../../../arm-none-eabi/lib/armv6-m/crt0.o
__bss_start__                                     /Users/bigomc/atmel-arm-none-eabi/bin/../lib/gcc/arm-none-eabi/5.3.1/../../../../arm-none-eabi/lib/armv6-m/crt0.o
__call_exitprocs                                  /Users/bigomc/atmel-arm-none-eabi/bin/../lib/gcc/arm-none-eabi/5.3.1/../../../../arm-none-eabi/lib/armv6-m/libc_nano.a(lib_a-exit.o)
__deregister_frame_info                           /Users/bigomc/atmel-arm-none-eabi/bin/../lib/gcc/arm-none-eabi/5.3.1/armv6-m/crtbegin.o
__dso_handle                                      /Users/bigomc/atmel-arm-none-eabi/bin/../lib/gcc/arm-none-eabi/5.3.1/armv6-m/crtbegin.o
__init_array_end                                  /Users/bigomc/atmel-arm-none-eabi/bin/../lib/gcc/arm-none-eabi/5.3.1/../../../../arm-none-eabi/lib/armv6-m/libc_nano.a(lib_a-init.o)
__init_array_start                                /Users/bigomc/atmel-arm-none-eabi/bin/../lib/gcc/arm-none-eabi/5.3.1/../../../../arm-none-eabi/lib/armv6-m/libc_nano.a(lib_a-init.o)
__libc_fini_array                                 /Users/bigomc/atmel-arm-none-eabi/bin/../lib/gcc/arm-none-eabi/5.3.1/../../../../arm-none-eabi/lib/armv6-m/crt0.o
__libc_init_array                                 /Users/bigomc/atmel-arm-none-eabi/bin/../lib/gcc/arm-none-eabi/5.3.1/../../../../arm-none-eabi/lib/armv6-m/libc_nano.a(lib_a-init.o)
                                                  ./Build/sam0/utils/cmsis/samc21/source/gcc/startup_samc21.o
                                                  /Users/bigomc/atmel-arm-none-eabi/bin/../lib/gcc/arm-none-eabi/5.3.1/../../../../arm-none-eabi/lib/armv6-m/crt0.o
__preinit_array_end                               /Users/bigomc/atmel-arm-none-eabi/bin/../lib/gcc/arm-none-eabi/5.3.1/../../../../arm-none-eabi/lib/armv6-m/libc_nano.a(lib_a-init.o)
__preinit_array_start                             /Users/bigomc/atmel-arm-none-eabi/bin/../lib/gcc/arm-none-eabi/5.3.1/../../../../arm-none-eabi/lib/armv6-m/libc_nano.a(lib_a-init.o)
__register_frame_info                             /Users/bigomc/atmel-arm-none-eabi/bin/../lib/gcc/arm-none-eabi/5.3.1/armv6-m/crtbegin.o
__sf_fake_stderr                                  /Users/bigomc/atmel-arm-none-eabi/bin/../lib/gcc/arm-none-eabi/5.3.1/../../../../arm-none-eabi/lib/armv6-m/libc_nano.a(lib_a-impure.o)
__sf_fake_stdin                                   /Users/bigomc/atmel-arm-none-eabi/bin/../lib/gcc/arm-none-eabi/5.3.1/../../../../arm-none-eabi/lib/armv6-m/libc_nano.a(lib_a-impure.o)
__sf_fake_stdout                                  /Users/bigomc/atmel-arm-none-eabi/bin/../lib/gcc/arm-none-eabi/5.3.1/../../../../arm-none-eabi/lib/armv6-m/libc_nano.a(lib_a-impure.o)
__stack                                           /Users/bigomc/atmel-arm-none-eabi/bin/../lib/gcc/arm-none-eabi/5.3.1/../../../../arm-none-eabi/lib/armv6-m/crt0.o
__udivsi3                                         /Users/bigomc/atmel-arm-none-eabi/bin/../lib/gcc/arm-none-eabi/5.3.1/armv6-m/libgcc.a(_udivsi3.o)
_close                                            ./Build/sam0/utils/syscalls/gcc/syscalls.o
_end                                              ./Build/sam0/utils/syscalls/gcc/syscalls.o
_erelocate                                        ./Build/sam0/utils/cmsis/samc21/source/gcc/startup_samc21.o
_estack                                           ./Build/sam0/utils/cmsis/samc21/source/gcc/startup_samc21.o
_etext                                            ./Build/sam0/utils/cmsis/samc21/source/gcc/startup_samc21.o
_exit                                             ./Build/sam0/utils/syscalls/gcc/syscalls.o
                                                  /Users/bigomc/atmel-arm-none-eabi/bin/../lib/gcc/arm-none-eabi/5.3.1/../../../../arm-none-eabi/lib/armv6-m/libc_nano.a(lib_a-exit.o)
_ezero                                            ./Build/sam0/utils/cmsis/samc21/source/gcc/startup_samc21.o
_fini                                             /Users/bigomc/atmel-arm-none-eabi/bin/../lib/gcc/arm-none-eabi/5.3.1/armv6-m/crti.o
_fstat                                            ./Build/sam0/utils/syscalls/gcc/syscalls.o
_getpid                                           ./Build/sam0/utils/syscalls/gcc/syscalls.o
_global_impure_ptr                                /Users/bigomc/atmel-arm-none-eabi/bin/../lib/gcc/arm-none-eabi/5.3.1/../../../../arm-none-eabi/lib/armv6-m/libc_nano.a(lib_a-impure.o)
                                                  /Users/bigomc/atmel-arm-none-eabi/bin/../lib/gcc/arm-none-eabi/5.3.1/../../../../arm-none-eabi/lib/armv6-m/libc_nano.a(lib_a-exit.o)
_impure_ptr                                       /Users/bigomc/atmel-arm-none-eabi/bin/../lib/gcc/arm-none-eabi/5.3.1/../../../../arm-none-eabi/lib/armv6-m/libc_nano.a(lib_a-impure.o)
_init                                             /Users/bigomc/atmel-arm-none-eabi/bin/../lib/gcc/arm-none-eabi/5.3.1/armv6-m/crti.o
                                                  /Users/bigomc/atmel-arm-none-eabi/bin/../lib/gcc/arm-none-eabi/5.3.1/../../../../arm-none-eabi/lib/armv6-m/libc_nano.a(lib_a-init.o)
_isatty                                           ./Build/sam0/utils/syscalls/gcc/syscalls.o
_kill                                             ./Build/sam0/utils/syscalls/gcc/syscalls.o
_lseek                                            ./Build/sam0/utils/syscalls/gcc/syscalls.o
_mainCRTStartup                                   /Users/bigomc/atmel-arm-none-eabi/bin/../lib/gcc/arm-none-eabi/5.3.1/../../../../arm-none-eabi/lib/armv6-m/crt0.o
_sbrk                                             ./Build/sam0/utils/syscalls/gcc/syscalls.o
_sfixed                                           ./Build/sam0/utils/cmsis/samc21/source/gcc/startup_samc21.o
_srelocate                                        ./Build/sam0/utils/cmsis/samc21/source/gcc/startup_samc21.o
_start                                            /Users/bigomc/atmel-arm-none-eabi/bin/../lib/gcc/arm-none-eabi/5.3.1/../../../../arm-none-eabi/lib/armv6-m/crt0.o
_system_divas_init                                ./Build/sam0/drivers/system/system.o
_system_dummy_init                                ./Build/sam0/drivers/system/system.o
_system_events_init                               ./Build/sam0/drivers/system/system.o
_system_extint_init                               ./Build/sam0/drivers/system/system.o
_szero                                            ./Build/sam0/utils/cmsis/samc21/source/gcc/startup_samc21.o
atexit                                            /Users/bigomc/atmel-arm-none-eabi/bin/../lib/gcc/arm-none-eabi/5.3.1/../../../../arm-none-eabi/lib/armv6-m/crt0.o
board_init                                        ./Build/sam0/boards/samc21_xplained_pro/board_init.o
cpu_irq_enter_critical                            ./Build/asf/common/utils/interrupt/interrupt_sam_nvic.o
                                                  ./Build/sam0/drivers/system/clock/clock_samc20_c21/gclk.o
cpu_irq_leave_critical                            ./Build/asf/common/utils/interrupt/interrupt_sam_nvic.o
                                                  ./Build/sam0/drivers/system/clock/clock_samc20_c21/gclk.o
exception_table                                   ./Build/sam0/utils/cmsis/samc21/source/gcc/startup_samc21.o
exit                                              /Users/bigomc/atmel-arm-none-eabi/bin/../lib/gcc/arm-none-eabi/5.3.1/../../../../arm-none-eabi/lib/armv6-m/libc_nano.a(lib_a-exit.o)
                                                  /Users/bigomc/atmel-arm-none-eabi/bin/../lib/gcc/arm-none-eabi/5.3.1/../../../../arm-none-eabi/lib/armv6-m/crt0.o
g_interrupt_enabled                               ./Build/asf/common/utils/interrupt/interrupt_sam_nvic.o
hardware_init_hook                                /Users/bigomc/atmel-arm-none-eabi/bin/../lib/gcc/arm-none-eabi/5.3.1/../../../../arm-none-eabi/lib/armv6-m/crt0.o
link                                              ./Build/sam0/utils/syscalls/gcc/syscalls.o
main                                              ./Build/main.o
                                                  ./Build/sam0/utils/cmsis/samc21/source/gcc/startup_samc21.o
                                                  /Users/bigomc/atmel-arm-none-eabi/bin/../lib/gcc/arm-none-eabi/5.3.1/../../../../arm-none-eabi/lib/armv6-m/crt0.o
memset                                            /Users/bigomc/atmel-arm-none-eabi/bin/../lib/gcc/arm-none-eabi/5.3.1/../../../../arm-none-eabi/lib/armv6-m/libc_nano.a(lib_a-memset.o)
                                                  /Users/bigomc/atmel-arm-none-eabi/bin/../lib/gcc/arm-none-eabi/5.3.1/../../../../arm-none-eabi/lib/armv6-m/crt0.o
port_group_set_config                             ./Build/sam0/drivers/port/port.o
port_pin_set_config                               ./Build/sam0/drivers/port/port.o
                                                  ./Build/main.o
                                                  ./Build/sam0/boards/samc21_xplained_pro/board_init.o
software_init_hook                                /Users/bigomc/atmel-arm-none-eabi/bin/../lib/gcc/arm-none-eabi/5.3.1/../../../../arm-none-eabi/lib/armv6-m/crt0.o
system_board_init                                 ./Build/sam0/boards/samc21_xplained_pro/board_init.o
system_clock_init                                 ./Build/sam0/drivers/system/clock/clock_samc20_c21/clock.o
system_clock_source_disable                       ./Build/sam0/drivers/system/clock/clock_samc20_c21/clock.o
system_clock_source_dpll_set_config               ./Build/sam0/drivers/system/clock/clock_samc20_c21/clock.o
system_clock_source_enable                        ./Build/sam0/drivers/system/clock/clock_samc20_c21/clock.o
system_clock_source_get_hz                        ./Build/sam0/drivers/system/clock/clock_samc20_c21/clock.o
                                                  ./Build/sam0/drivers/system/clock/clock_samc20_c21/gclk.o
system_clock_source_is_ready                      ./Build/sam0/drivers/system/clock/clock_samc20_c21/clock.o
system_clock_source_osc32k_set_config             ./Build/sam0/drivers/system/clock/clock_samc20_c21/clock.o
system_clock_source_osc48m_set_config             ./Build/sam0/drivers/system/clock/clock_samc20_c21/clock.o
system_clock_source_osculp32k_set_config          ./Build/sam0/drivers/system/clock/clock_samc20_c21/clock.o
system_clock_source_write_calibration             ./Build/sam0/drivers/system/clock/clock_samc20_c21/clock.o
system_clock_source_xosc32k_set_config            ./Build/sam0/drivers/system/clock/clock_samc20_c21/clock.o
system_clock_source_xosc_set_config               ./Build/sam0/drivers/system/clock/clock_samc20_c21/clock.o
system_gclk_chan_disable                          ./Build/sam0/drivers/system/clock/clock_samc20_c21/gclk.o
system_gclk_chan_enable                           ./Build/sam0/drivers/system/clock/clock_samc20_c21/gclk.o
system_gclk_chan_get_hz                           ./Build/sam0/drivers/system/clock/clock_samc20_c21/gclk.o
system_gclk_chan_is_enabled                       ./Build/sam0/drivers/system/clock/clock_samc20_c21/gclk.o
system_gclk_chan_is_locked                        ./Build/sam0/drivers/system/clock/clock_samc20_c21/gclk.o
system_gclk_chan_lock                             ./Build/sam0/drivers/system/clock/clock_samc20_c21/gclk.o
system_gclk_chan_set_config                       ./Build/sam0/drivers/system/clock/clock_samc20_c21/gclk.o
system_gclk_gen_disable                           ./Build/sam0/drivers/system/clock/clock_samc20_c21/gclk.o
system_gclk_gen_enable                            ./Build/sam0/drivers/system/clock/clock_samc20_c21/gclk.o
                                                  ./Build/sam0/drivers/system/clock/clock_samc20_c21/clock.o
system_gclk_gen_get_hz                            ./Build/sam0/drivers/system/clock/clock_samc20_c21/gclk.o
                                                  ./Build/main.o
system_gclk_gen_is_enabled                        ./Build/sam0/drivers/system/clock/clock_samc20_c21/gclk.o
system_gclk_gen_set_config                        ./Build/sam0/drivers/system/clock/clock_samc20_c21/gclk.o
                                                  ./Build/sam0/drivers/system/clock/clock_samc20_c21/clock.o
system_gclk_init                                  ./Build/sam0/drivers/system/clock/clock_samc20_c21/gclk.o
                                                  ./Build/sam0/drivers/system/clock/clock_samc20_c21/clock.o
system_init                                       ./Build/sam0/drivers/system/system.o
                                                  ./Build/main.o
system_interrupt_clear_pending                    ./Build/sam0/drivers/system/interrupt/system_interrupt.o
system_interrupt_get_priority                     ./Build/sam0/drivers/system/interrupt/system_interrupt.o
system_interrupt_is_pending                       ./Build/sam0/drivers/system/interrupt/system_interrupt.o
system_interrupt_set_pending                      ./Build/sam0/drivers/system/interrupt/system_interrupt.o
system_interrupt_set_priority                     ./Build/sam0/drivers/system/interrupt/system_interrupt.o
system_pinmux_group_set_config                    ./Build/sam0/drivers/system/pinmux/pinmux.o
                                                  ./Build/sam0/drivers/port/port.o
system_pinmux_group_set_input_sample_mode         ./Build/sam0/drivers/system/pinmux/pinmux.o
system_pinmux_group_set_output_strength           ./Build/sam0/drivers/system/pinmux/pinmux.o
system_pinmux_pin_set_config                      ./Build/sam0/drivers/system/pinmux/pinmux.o
                                                  ./Build/sam0/drivers/port/port.o
